// Jest Snapshot v1, https://goo.gl/fbAQLP

exports[`should render editExpensePage 1`] = `
<div>
  <ExpenseForm
    expense={
      Object {
        "amount": 3456,
        "createdAt": 345600000,
        "description": "Testing_3",
        "id": "1",
        "note": "",
      }
    }
    onSubmit={[Function]}
  />
  <button
    onClick={[Function]}
  >
    Remove Expense
  </button>
</div>
`;
