// Jest Snapshot v1, https://goo.gl/fbAQLP

exports[`should render Header 1`] = `
<header>
  <h1>
    Expensify
  </h1>
  <NavLink
    to="/"
  >
    Home
  </NavLink>
  <NavLink
    to="/create"
  >
    Add
  </NavLink>
</header>
`;
